==10705== Memcheck, a memory error detector
==10705== Copyright (C) 2002-2017, and GNU GPL'd, by Julian Seward et al.
==10705== Using Valgrind-3.18.1 and LibVEX; rerun with -h for copyright info
==10705== Command: ./bin/server 9000
==10705== Parent PID: 10704
==10705== 
==10705== 
==10705== Process terminating with default action of signal 15 (SIGTERM)
==10705==    at 0x4990E7A: epoll_wait (epoll_wait.c:30)
==10705==    by 0x109897: main (in /home/tam/devlinux/embedded-linux/K26.1/pham-dac-tam/project/submission/bin/server)
==10705== 
==10705== HEAP SUMMARY:
==10705==     in use at exit: 1,024 bytes in 1 blocks
==10705==   total heap usage: 1,195 allocs, 1,194 frees, 2,728,120 bytes allocated
==10705== 
==10705== 1,024 bytes in 1 blocks are still reachable in loss record 1 of 1
==10705==    at 0x4848899: malloc (in /usr/libexec/valgrind/vgpreload_memcheck-amd64-linux.so)
==10705==    by 0x48E9B63: _IO_file_doallocate (filedoalloc.c:101)
==10705==    by 0x48F8C9F: _IO_doallocbuf (genops.c:347)
==10705==    by 0x48F7F1F: _IO_file_overflow@@GLIBC_2.2.5 (fileops.c:744)
==10705==    by 0x48F6694: _IO_new_file_xsputn (fileops.c:1243)
==10705==    by 0x48F6694: _IO_file_xsputn@@GLIBC_2.2.5 (fileops.c:1196)
==10705==    by 0x48E010C: outstring_func (vfprintf-internal.c:239)
==10705==    by 0x48E010C: __vfprintf_internal (vfprintf-internal.c:1263)
==10705==    by 0x48CB79E: printf (printf.c:33)
==10705==    by 0x10AA7B: render_server_dashboard (in /home/tam/devlinux/embedded-linux/K26.1/pham-dac-tam/project/submission/bin/server)
==10705==    by 0x109F94: main (in /home/tam/devlinux/embedded-linux/K26.1/pham-dac-tam/project/submission/bin/server)
==10705== 
==10705== LEAK SUMMARY:
==10705==    definitely lost: 0 bytes in 0 blocks
==10705==    indirectly lost: 0 bytes in 0 blocks
==10705==      possibly lost: 0 bytes in 0 blocks
==10705==    still reachable: 1,024 bytes in 1 blocks
==10705==         suppressed: 0 bytes in 0 blocks
==10705== 
==10705== For lists of detected and suppressed errors, rerun with: -s
==10705== ERROR SUMMARY: 0 errors from 0 contexts (suppressed: 0 from 0)
